Build started 9/21/2026 1:40:34 AM.
Logging verbosity is set to: Normal.
Project "C:\Users\thank\OneDrive\Desktop\Temet Nosce\ao-duel-bot-repo\Profession Handlers\ProfessionHandler.Agent.DuelPractice\ProfessionHandler.Agent.DuelPractice.csproj" on node 1 (Build target(s)).
Project "C:\Users\thank\OneDrive\Desktop\Temet Nosce\ao-duel-bot-repo\Profession Handlers\ProfessionHandler.Agent.DuelPractice\ProfessionHandler.Agent.DuelPractice.csproj" (1) is building "C:\Users\thank\OneDrive\Desktop\Temet Nosce\ao-duel-bot-repo\Profession Handlers\ProfessionHandler.Agent\ProfessionHandler.Agent.csproj" (2:2) on node 1 (default targets).
Project "C:\Users\thank\OneDrive\Desktop\Temet Nosce\ao-duel-bot-repo\Profession Handlers\ProfessionHandler.Agent\ProfessionHandler.Agent.csproj" (2:2) is building "C:\Users\thank\OneDrive\Desktop\Temet Nosce\ao-duel-bot-repo\Shared\Shared.csproj" (4:2) on node 1 (default targets).
GenerateTargetFrameworkMonikerAttribute:
Skipping target "GenerateTargetFrameworkMonikerAttribute" because all output files are up-to-date with respect to the input files.
CoreCompile:
Skipping target "CoreCompile" because all output files are up-to-date with respect to the input files.
_CopyOutOfDateSourceItemsToOutputDirectoryAlways:
  Copying file from "C:\Users\thank\OneDrive\Desktop\Temet Nosce\ao-duel-bot-repo\Shared\UI\Windows\InfoWindow.xml" to "C:\Users\thank\OneDrive\Desktop\Temet Nosce\ao-duel-bot-repo\bin\Release\UI\Windows\InfoWindow.xml".
  Copying file from "C:\Users\thank\OneDrive\Desktop\Temet Nosce\ao-duel-bot-repo\Shared\NavMeshes\4364.nav" to "C:\Users\thank\OneDrive\Desktop\Temet Nosce\ao-duel-bot-repo\bin\Release\NavMeshes\4364.nav".
  Copying file from "C:\Users\thank\OneDrive\Desktop\Temet Nosce\ao-duel-bot-repo\Shared\UI\Views\BuddyCoreView.xml" to "C:\Users\thank\OneDrive\Desktop\Temet Nosce\ao-duel-bot-repo\bin\Release\UI\Views\BuddyCoreView.xml".
  Copying file from "C:\Users\thank\OneDrive\Desktop\Temet Nosce\ao-duel-bot-repo\Shared\UI\KittingWindow.xml" to "C:\Users\thank\OneDrive\Desktop\Temet Nosce\ao-duel-bot-repo\bin\Release\UI\KittingWindow.xml".
  Copying file from "C:\Users\thank\OneDrive\Desktop\Temet Nosce\ao-duel-bot-repo\Shared\NavMeshes\4364.Navmesh" to "C:\Users\thank\OneDrive\Desktop\Temet Nosce\ao-duel-bot-repo\bin\Release\NavMeshes\4364.Navmesh".
  Copying file from "C:\Users\thank\OneDrive\Desktop\Temet Nosce\ao-duel-bot-repo\Shared\NavMeshes\4328.nav" to "C:\Users\thank\OneDrive\Desktop\Temet Nosce\ao-duel-bot-repo\bin\Release\NavMeshes\4328.nav".
  Copying file from "C:\Users\thank\OneDrive\Desktop\Temet Nosce\ao-duel-bot-repo\Shared\NavMeshes\4365.nav" to "C:\Users\thank\OneDrive\Desktop\Temet Nosce\ao-duel-bot-repo\bin\Release\NavMeshes\4365.nav".
  Copying file from "C:\Users\thank\OneDrive\Desktop\Temet Nosce\ao-duel-bot-repo\Shared\NavMeshes\4368.navmesh" to "C:\Users\thank\OneDrive\Desktop\Temet Nosce\ao-duel-bot-repo\bin\Release\NavMeshes\4368.navmesh".
  Copying file from "C:\Users\thank\OneDrive\Desktop\Temet Nosce\ao-duel-bot-repo\Shared\NavMeshes\4368.nav" to "C:\Users\thank\OneDrive\Desktop\Temet Nosce\ao-duel-bot-repo\bin\Release\NavMeshes\4368.nav".
  Copying file from "C:\Users\thank\OneDrive\Desktop\Temet Nosce\ao-duel-bot-repo\Shared\NavMeshes\4365.navmesh" to "C:\Users\thank\OneDrive\Desktop\Temet Nosce\ao-duel-bot-repo\bin\Release\NavMeshes\4365.navmesh".
  Copying file from "C:\Users\thank\OneDrive\Desktop\Temet Nosce\ao-duel-bot-repo\Shared\NavMeshes\4605.nav" to "C:\Users\thank\OneDrive\Desktop\Temet Nosce\ao-duel-bot-repo\bin\Release\NavMeshes\4605.nav".
  Copying file from "C:\Users\thank\OneDrive\Desktop\Temet Nosce\ao-duel-bot-repo\Shared\NavMeshes\4696.nav" to "C:\Users\thank\OneDrive\Desktop\Temet Nosce\ao-duel-bot-repo\bin\Release\NavMeshes\4696.nav".
  Copying file from "C:\Users\thank\OneDrive\Desktop\Temet Nosce\ao-duel-bot-repo\Shared\NavMeshes\4605.navmesh" to "C:\Users\thank\OneDrive\Desktop\Temet Nosce\ao-duel-bot-repo\bin\Release\NavMeshes\4605.navmesh".
  Copying file from "C:\Users\thank\OneDrive\Desktop\Temet Nosce\ao-duel-bot-repo\Shared\NavMeshes\4696.navmesh" to "C:\Users\thank\OneDrive\Desktop\Temet Nosce\ao-duel-bot-repo\bin\Release\NavMeshes\4696.navmesh".
  Copying file from "C:\Users\thank\OneDrive\Desktop\Temet Nosce\ao-duel-bot-repo\Shared\NavMeshes\4697.nav" to "C:\Users\thank\OneDrive\Desktop\Temet Nosce\ao-duel-bot-repo\bin\Release\NavMeshes\4697.nav".
  Copying file from "C:\Users\thank\OneDrive\Desktop\Temet Nosce\ao-duel-bot-repo\Shared\NavMeshes\5002.Navmesh" to "C:\Users\thank\OneDrive\Desktop\Temet Nosce\ao-duel-bot-repo\bin\Release\NavMeshes\5002.Navmesh".
  Copying file from "C:\Users\thank\OneDrive\Desktop\Temet Nosce\ao-duel-bot-repo\Shared\NavMeshes\6003.Navmesh" to "C:\Users\thank\OneDrive\Desktop\Temet Nosce\ao-duel-bot-repo\bin\Release\NavMeshes\6003.Navmesh".
  Copying file from "C:\Users\thank\OneDrive\Desktop\Temet Nosce\ao-duel-bot-repo\Shared\NavMeshes\6013.Navmesh" to "C:\Users\thank\OneDrive\Desktop\Temet Nosce\ao-duel-bot-repo\bin\Release\NavMeshes\6013.Navmesh".
  Copying file from "C:\Users\thank\OneDrive\Desktop\Temet Nosce\ao-duel-bot-repo\Shared\NavMeshes\6055.Navmesh" to "C:\Users\thank\OneDrive\Desktop\Temet Nosce\ao-duel-bot-repo\bin\Release\NavMeshes\6055.Navmesh".
  Copying file from "C:\Users\thank\OneDrive\Desktop\Temet Nosce\ao-duel-bot-repo\Shared\NavMeshes\6055.nav" to "C:\Users\thank\OneDrive\Desktop\Temet Nosce\ao-duel-bot-repo\bin\Release\NavMeshes\6055.nav".
  Copying file from "C:\Users\thank\OneDrive\Desktop\Temet Nosce\ao-duel-bot-repo\Shared\NavMeshes\6061.Navmesh" to "C:\Users\thank\OneDrive\Desktop\Temet Nosce\ao-duel-bot-repo\bin\Release\NavMeshes\6061.Navmesh".
  Copying file from "C:\Users\thank\OneDrive\Desktop\Temet Nosce\ao-duel-bot-repo\Shared\NavMeshes\8020.nav" to "C:\Users\thank\OneDrive\Desktop\Temet Nosce\ao-duel-bot-repo\bin\Release\NavMeshes\8020.nav".
  Copying file from "C:\Users\thank\OneDrive\Desktop\Temet Nosce\ao-duel-bot-repo\Shared\NavMeshes\9042.nav" to "C:\Users\thank\OneDrive\Desktop\Temet Nosce\ao-duel-bot-repo\bin\Release\NavMeshes\9042.nav".
  Copying file from "C:\Users\thank\OneDrive\Desktop\Temet Nosce\ao-duel-bot-repo\Shared\NavMeshes\9042.navmesh" to "C:\Users\thank\OneDrive\Desktop\Temet Nosce\ao-duel-bot-repo\bin\Release\NavMeshes\9042.navmesh".
CopyFilesToOutputDirectory:
  Shared -> C:\Users\thank\OneDrive\Desktop\Temet Nosce\ao-duel-bot-repo\bin\Release\Shared.dll
Done Building Project "C:\Users\thank\OneDrive\Desktop\Temet Nosce\ao-duel-bot-repo\Shared\Shared.csproj" (default targets).
Project "C:\Users\thank\OneDrive\Desktop\Temet Nosce\ao-duel-bot-repo\Profession Handlers\ProfessionHandler.Agent\ProfessionHandler.Agent.csproj" (2:2) is building "C:\Users\thank\OneDrive\Desktop\Temet Nosce\ao-duel-bot-repo\Profession Handlers\ProfessionHandler.Generic\ProfessionHandler.Generic.csproj" (3:3) on node 1 (default targets).
GenerateTargetFrameworkMonikerAttribute:
Skipping target "GenerateTargetFrameworkMonikerAttribute" because all output files are up-to-date with respect to the input files.
CoreCompile:
  Setting DOTNET_TieredCompilation to '0'
  C:\Program Files\Microsoft Visual Studio\18\Community\MSBuild\Current\Bin\Roslyn\csc.exe /noconfig /unsafe- /nowarn:1701,1702 /fullpaths /nostdlib+ /errorreport:prompt /warn:4 /highentropyva+ /reference:"C:\Users\thank\OneDrive\Desktop\Temet Nosce\ao-duel-bot-repo\packages\AOSharpSDK.1.0.106\lib\net48\AOSharp.Common.dll" /reference:"C:\Users\thank\OneDrive\Desktop\Temet Nosce\ao-duel-bot-repo\packages\AOSharpSDK.1.0.106\lib\net48\AOSharp.Core.dll" /reference:"C:\Program Files (x86)\Reference Assemblies\Microsoft\Framework\.NETFramework\v4.8\mscorlib.dll" /reference:"C:\Users\thank\OneDrive\Desktop\Temet Nosce\ao-duel-bot-repo\packages\Newtonsoft.Json.13.0.3\lib\net45\Newtonsoft.Json.dll" /reference:"C:\Users\thank\OneDrive\Desktop\Temet Nosce\ao-duel-bot-repo\bin\Release\Shared.dll" /reference:"C:\Program Files (x86)\Reference Assemblies\Microsoft\Framework\.NETFramework\v4.8\System.Core.dll" /reference:"C:\Program Files (x86)\Reference Assemblies\Microsoft\Framework\.NETFramework\v4.8\System.dll" /debug- /filealign:512 /optimize+ /out:obj\Release\ProfessionHandler.Generic.dll /subsystemversion:6.00 /target:library /utf8output /deterministic+ /langversion:7.3 Ammo.cs Base\ProfessionHandler.cs Extensions.cs GenericProfessionHandler.cs GetBehind.cs IPCMessages.cs ItemPerkProcessors\ItemProcessors.cs ItemPerkProcessors\ProcProcessors.cs ItemPerkProcessors\TrimmerProcessors.cs Base\Settings.cs ResetUI.cs SpecialAttacks.cs "Spell Processors\CombatBuffProcessors.cs" "Spell Processors\PetBuffProcessors.cs" "Spell Processors\BlankProcessors.cs" "Spell Processors\DebuffProcessors.cs" "Spell Processors\HoldsProcessors.cs" "Spell Processors\DebuffRemoverProcessors.cs" "Spell Processors\CratPetsList.cs" "Spell Processors\EngiePetsList.cs" "Spell Processors\SpellIDs.cs" "Spell Processors\TauntProcessors.cs" "Spell Processors\BuffProcessors.cs" "Spell Processors\HealProcessors.cs" "Spell Processors\NukeProcessors.cs" ItemPerkProcessors\PerkProcessors.cs UI\GenericWindowController.cs "UI\HandlerMainWindow\Button Clicked\ButtonClicked.cs" UI\Items\TrimmerWindowController.cs UI\Items\MAAttacksWindowController.cs UI\Perks\ProcsWindowController.cs UI\Perks\PerksWindowController.cs Properties\AssemblyInfo.cs "Spell Processors\SpellProcessors.cs" UI\Items\ItemsWindowController.cs UI\Spells\FPBuffWindowController.cs UI\Spells\BuffWindowController.cs UI\Spells\TauntWindowController.cs UI\Spells\HealWindowController.cs UI\Spells\DebuffWindowController.cs UI\Spells\HoldWindowController.cs UI\Spells\PetBuffWindowController.cs UI\Spells\NukeWindowController.cs "obj\Release\.NETFramework,Version=v4.8.AssemblyAttributes.cs"
  Compilation request ProfessionHandler.Generic, PathToTool=C:\Program Files\Microsoft Visual Studio\18\Community\MSBuild\Current\Bin\Roslyn\csc.exe
  CompilerServer: tool - using command line tool by design 'C:\Program Files\Microsoft Visual Studio\18\Community\MSBuild\Current\Bin\Roslyn\csc.exe' - ProfessionHandler.Generic
C:\Users\thank\OneDrive\Desktop\Temet Nosce\ao-duel-bot-repo\Profession Handlers\ProfessionHandler.Generic\Spell Processors\PetBuffProcessors.cs(26,22): warning CS0414: The field 'GenericProfessionHandler.SupportPetDamageModifier' is assigned but its value is never used [C:\Users\thank\OneDrive\Desktop\Temet Nosce\ao-duel-bot-repo\Profession Handlers\ProfessionHandler.Generic\ProfessionHandler.Generic.csproj]
C:\Users\thank\OneDrive\Desktop\Temet Nosce\ao-duel-bot-repo\Profession Handlers\ProfessionHandler.Generic\Base\ProfessionHandler.cs(26,21): warning CS0414: The field 'ProfessionHandler.LastQueue' is assigned but its value is never used [C:\Users\thank\OneDrive\Desktop\Temet Nosce\ao-duel-bot-repo\Profession Handlers\ProfessionHandler.Generic\ProfessionHandler.Generic.csproj]
C:\Users\thank\OneDrive\Desktop\Temet Nosce\ao-duel-bot-repo\Profession Handlers\ProfessionHandler.Generic\ItemPerkProcessors\TrimmerProcessors.cs(14,23): warning CS0414: The field 'GenericProfessionHandler.DelayBetweenFiveMinTrims' is assigned but its value is never used [C:\Users\thank\OneDrive\Desktop\Temet Nosce\ao-duel-bot-repo\Profession Handlers\ProfessionHandler.Generic\ProfessionHandler.Generic.csproj]
C:\Users\thank\OneDrive\Desktop\Temet Nosce\ao-duel-bot-repo\Profession Handlers\ProfessionHandler.Generic\Spell Processors\PetBuffProcessors.cs(25,22): warning CS0414: The field 'GenericProfessionHandler.AttackPetDamageModifier' is assigned but its value is never used [C:\Users\thank\OneDrive\Desktop\Temet Nosce\ao-duel-bot-repo\Profession Handlers\ProfessionHandler.Generic\ProfessionHandler.Generic.csproj]
_CopyOutOfDateSourceItemsToOutputDirectory:
Skipping target "_CopyOutOfDateSourceItemsToOutputDirectory" because all output files are up-to-date with respect to the input files.
_CopyOutOfDateSourceItemsToOutputDirectoryAlways:
  Copying file from "C:\Users\thank\OneDrive\Desktop\Temet Nosce\ao-duel-bot-repo\Shared\UI\Windows\InfoWindow.xml" to "C:\Users\thank\OneDrive\Desktop\Temet Nosce\ao-duel-bot-repo\bin\Release\UI\Windows\InfoWindow.xml".
  Copying file from "C:\Users\thank\OneDrive\Desktop\Temet Nosce\ao-duel-bot-repo\Shared\UI\KittingWindow.xml" to "C:\Users\thank\OneDrive\Desktop\Temet Nosce\ao-duel-bot-repo\bin\Release\UI\KittingWindow.xml".
  Copying file from "C:\Users\thank\OneDrive\Desktop\Temet Nosce\ao-duel-bot-repo\Shared\NavMeshes\4364.nav" to "C:\Users\thank\OneDrive\Desktop\Temet Nosce\ao-duel-bot-repo\bin\Release\NavMeshes\4364.nav".
  Copying file from "C:\Users\thank\OneDrive\Desktop\Temet Nosce\ao-duel-bot-repo\Shared\UI\Views\BuddyCoreView.xml" to "C:\Users\thank\OneDrive\Desktop\Temet Nosce\ao-duel-bot-repo\bin\Release\UI\Views\BuddyCoreView.xml".
  Copying file from "C:\Users\thank\OneDrive\Desktop\Temet Nosce\ao-duel-bot-repo\Shared\NavMeshes\4364.Navmesh" to "C:\Users\thank\OneDrive\Desktop\Temet Nosce\ao-duel-bot-repo\bin\Release\NavMeshes\4364.Navmesh".
  Copying file from "C:\Users\thank\OneDrive\Desktop\Temet Nosce\ao-duel-bot-repo\Shared\NavMeshes\4328.nav" to "C:\Users\thank\OneDrive\Desktop\Temet Nosce\ao-duel-bot-repo\bin\Release\NavMeshes\4328.nav".
  Copying file from "C:\Users\thank\OneDrive\Desktop\Temet Nosce\ao-duel-bot-repo\Shared\NavMeshes\4365.nav" to "C:\Users\thank\OneDrive\Desktop\Temet Nosce\ao-duel-bot-repo\bin\Release\NavMeshes\4365.nav".
  Copying file from "C:\Users\thank\OneDrive\Desktop\Temet Nosce\ao-duel-bot-repo\Shared\NavMeshes\4365.navmesh" to "C:\Users\thank\OneDrive\Desktop\Temet Nosce\ao-duel-bot-repo\bin\Release\NavMeshes\4365.navmesh".
  Copying file from "C:\Users\thank\OneDrive\Desktop\Temet Nosce\ao-duel-bot-repo\Shared\NavMeshes\4368.nav" to "C:\Users\thank\OneDrive\Desktop\Temet Nosce\ao-duel-bot-repo\bin\Release\NavMeshes\4368.nav".
  Copying file from "C:\Users\thank\OneDrive\Desktop\Temet Nosce\ao-duel-bot-repo\Shared\NavMeshes\4368.navmesh" to "C:\Users\thank\OneDrive\Desktop\Temet Nosce\ao-duel-bot-repo\bin\Release\NavMeshes\4368.navmesh".
  Copying file from "C:\Users\thank\OneDrive\Desktop\Temet Nosce\ao-duel-bot-repo\Shared\NavMeshes\4605.nav" to "C:\Users\thank\OneDrive\Desktop\Temet Nosce\ao-duel-bot-repo\bin\Release\NavMeshes\4605.nav".
  Copying file from "C:\Users\thank\OneDrive\Desktop\Temet Nosce\ao-duel-bot-repo\Shared\NavMeshes\4696.nav" to "C:\Users\thank\OneDrive\Desktop\Temet Nosce\ao-duel-bot-repo\bin\Release\NavMeshes\4696.nav".
  Copying file from "C:\Users\thank\OneDrive\Desktop\Temet Nosce\ao-duel-bot-repo\Shared\NavMeshes\4605.navmesh" to "C:\Users\thank\OneDrive\Desktop\Temet Nosce\ao-duel-bot-repo\bin\Release\NavMeshes\4605.navmesh".
  Copying file from "C:\Users\thank\OneDrive\Desktop\Temet Nosce\ao-duel-bot-repo\Shared\NavMeshes\4697.nav" to "C:\Users\thank\OneDrive\Desktop\Temet Nosce\ao-duel-bot-repo\bin\Release\NavMeshes\4697.nav".
  Copying file from "C:\Users\thank\OneDrive\Desktop\Temet Nosce\ao-duel-bot-repo\Shared\NavMeshes\4696.navmesh" to "C:\Users\thank\OneDrive\Desktop\Temet Nosce\ao-duel-bot-repo\bin\Release\NavMeshes\4696.navmesh".
  Copying file from "C:\Users\thank\OneDrive\Desktop\Temet Nosce\ao-duel-bot-repo\Shared\NavMeshes\5002.Navmesh" to "C:\Users\thank\OneDrive\Desktop\Temet Nosce\ao-duel-bot-repo\bin\Release\NavMeshes\5002.Navmesh".
  Copying file from "C:\Users\thank\OneDrive\Desktop\Temet Nosce\ao-duel-bot-repo\Shared\NavMeshes\6003.Navmesh" to "C:\Users\thank\OneDrive\Desktop\Temet Nosce\ao-duel-bot-repo\bin\Release\NavMeshes\6003.Navmesh".
  Copying file from "C:\Users\thank\OneDrive\Desktop\Temet Nosce\ao-duel-bot-repo\Shared\NavMeshes\6013.Navmesh" to "C:\Users\thank\OneDrive\Desktop\Temet Nosce\ao-duel-bot-repo\bin\Release\NavMeshes\6013.Navmesh".
  Copying file from "C:\Users\thank\OneDrive\Desktop\Temet Nosce\ao-duel-bot-repo\Shared\NavMeshes\6055.nav" to "C:\Users\thank\OneDrive\Desktop\Temet Nosce\ao-duel-bot-repo\bin\Release\NavMeshes\6055.nav".
  Copying file from "C:\Users\thank\OneDrive\Desktop\Temet Nosce\ao-duel-bot-repo\Shared\NavMeshes\6055.Navmesh" to "C:\Users\thank\OneDrive\Desktop\Temet Nosce\ao-duel-bot-repo\bin\Release\NavMeshes\6055.Navmesh".
  Copying file from "C:\Users\thank\OneDrive\Desktop\Temet Nosce\ao-duel-bot-repo\Shared\NavMeshes\6061.Navmesh" to "C:\Users\thank\OneDrive\Desktop\Temet Nosce\ao-duel-bot-repo\bin\Release\NavMeshes\6061.Navmesh".
  Copying file from "C:\Users\thank\OneDrive\Desktop\Temet Nosce\ao-duel-bot-repo\Shared\NavMeshes\8020.nav" to "C:\Users\thank\OneDrive\Desktop\Temet Nosce\ao-duel-bot-repo\bin\Release\NavMeshes\8020.nav".
  Copying file from "C:\Users\thank\OneDrive\Desktop\Temet Nosce\ao-duel-bot-repo\Shared\NavMeshes\9042.nav" to "C:\Users\thank\OneDrive\Desktop\Temet Nosce\ao-duel-bot-repo\bin\Release\NavMeshes\9042.nav".
  Copying file from "C:\Users\thank\OneDrive\Desktop\Temet Nosce\ao-duel-bot-repo\Profession Handlers\ProfessionHandler.Generic\UI\BuffWindow.xml" to "C:\Users\thank\OneDrive\Desktop\Temet Nosce\ao-duel-bot-repo\bin\Release\UI\BuffWindow.xml".
  Copying file from "C:\Users\thank\OneDrive\Desktop\Temet Nosce\ao-duel-bot-repo\Shared\NavMeshes\9042.navmesh" to "C:\Users\thank\OneDrive\Desktop\Temet Nosce\ao-duel-bot-repo\bin\Release\NavMeshes\9042.navmesh".
  Copying file from "C:\Users\thank\OneDrive\Desktop\Temet Nosce\ao-duel-bot-repo\Profession Handlers\ProfessionHandler.Generic\UI\HandlerMainWindow\AdvMorphView.xml" to "C:\Users\thank\OneDrive\Desktop\Temet Nosce\ao-duel-bot-repo\bin\Release\UI\HandlerMainWindow\AdvMorphView.xml".
  Copying file from "C:\Users\thank\OneDrive\Desktop\Temet Nosce\ao-duel-bot-repo\Profession Handlers\ProfessionHandler.Generic\UI\ScrollViewLayouts\DropDownInputBox.xml" to "C:\Users\thank\OneDrive\Desktop\Temet Nosce\ao-duel-bot-repo\bin\Release\UI\ScrollViewLayouts\DropDownInputBox.xml".
  Copying file from "C:\Users\thank\OneDrive\Desktop\Temet Nosce\ao-duel-bot-repo\Profession Handlers\ProfessionHandler.Generic\UI\ScrollViewLayouts\CenteredButtonWithText.xml" to "C:\Users\thank\OneDrive\Desktop\Temet Nosce\ao-duel-bot-repo\bin\Release\UI\ScrollViewLayouts\CenteredButtonWithText.xml".
  Copying file from "C:\Users\thank\OneDrive\Desktop\Temet Nosce\ao-duel-bot-repo\Profession Handlers\ProfessionHandler.Generic\UI\ScrollViewLayouts\DropDownInputBoxDropDown.xml" to "C:\Users\thank\OneDrive\Desktop\Temet Nosce\ao-duel-bot-repo\bin\Release\UI\ScrollViewLayouts\DropDownInputBoxDropDown.xml".
  Copying file from "C:\Users\thank\OneDrive\Desktop\Temet Nosce\ao-duel-bot-repo\Profession Handlers\ProfessionHandler.Generic\UI\ScrollViewLayouts\DropDownWithCheckBox.xml" to "C:\Users\thank\OneDrive\Desktop\Temet Nosce\ao-duel-bot-repo\bin\Release\UI\ScrollViewLayouts\DropDownWithCheckBox.xml".
  Copying file from "C:\Users\thank\OneDrive\Desktop\Temet Nosce\ao-duel-bot-repo\Profession Handlers\ProfessionHandler.Generic\UI\PetWindow.xml" to "C:\Users\thank\OneDrive\Desktop\Temet Nosce\ao-duel-bot-repo\bin\Release\UI\PetWindow.xml".
  Copying file from "C:\Users\thank\OneDrive\Desktop\Temet Nosce\ao-duel-bot-repo\Profession Handlers\ProfessionHandler.Generic\UI\HandlerMainWindow\ErrorRow.xml" to "C:\Users\thank\OneDrive\Desktop\Temet Nosce\ao-duel-bot-repo\bin\Release\UI\HandlerMainWindow\ErrorRow.xml".
  Copying file from "C:\Users\thank\OneDrive\Desktop\Temet Nosce\ao-duel-bot-repo\Profession Handlers\ProfessionHandler.Generic\UI\HandlerMainWindow\PetCommandView.xml" to "C:\Users\thank\OneDrive\Desktop\Temet Nosce\ao-duel-bot-repo\bin\Release\UI\HandlerMainWindow\PetCommandView.xml".
  Copying file from "C:\Users\thank\OneDrive\Desktop\Temet Nosce\ao-duel-bot-repo\Profession Handlers\ProfessionHandler.Generic\UI\HandlerMainWindow\DynamicButtons\DualButtonRow.xml" to "C:\Users\thank\OneDrive\Desktop\Temet Nosce\ao-duel-bot-repo\bin\Release\UI\HandlerMainWindow\DynamicButtons\DualButtonRow.xml".
  Copying file from "C:\Users\thank\OneDrive\Desktop\Temet Nosce\ao-duel-bot-repo\Profession Handlers\ProfessionHandler.Generic\UI\HandlerMainWindow\DynamicButtons\SingleButtonRow.xml" to "C:\Users\thank\OneDrive\Desktop\Temet Nosce\ao-duel-bot-repo\bin\Release\UI\HandlerMainWindow\DynamicButtons\SingleButtonRow.xml".
  Copying file from "C:\Users\thank\OneDrive\Desktop\Temet Nosce\ao-duel-bot-repo\Profession Handlers\ProfessionHandler.Generic\UI\GenericWindow.xml" to "C:\Users\thank\OneDrive\Desktop\Temet Nosce\ao-duel-bot-repo\bin\Release\UI\GenericWindow.xml".
  Copying file from "C:\Users\thank\OneDrive\Desktop\Temet Nosce\ao-duel-bot-repo\Profession Handlers\ProfessionHandler.Generic\UI\HandlerMainWindow\OptionalRow\HandlerAddRow.xml" to "C:\Users\thank\OneDrive\Desktop\Temet Nosce\ao-duel-bot-repo\bin\Release\UI\HandlerMainWindow\OptionalRow\HandlerAddRow.xml".
  Copying file from "C:\Users\thank\OneDrive\Desktop\Temet Nosce\ao-duel-bot-repo\Profession Handlers\ProfessionHandler.Generic\UI\HandlerMainWindow\HandlerInfoWindow.xml" to "C:\Users\thank\OneDrive\Desktop\Temet Nosce\ao-duel-bot-repo\bin\Release\UI\HandlerMainWindow\HandlerInfoWindow.xml".
  Copying file from "C:\Users\thank\OneDrive\Desktop\Temet Nosce\ao-duel-bot-repo\Profession Handlers\ProfessionHandler.Generic\UI\HandlerMainWindow\HandlerMainWindow.xml" to "C:\Users\thank\OneDrive\Desktop\Temet Nosce\ao-duel-bot-repo\bin\Release\UI\HandlerMainWindow\HandlerMainWindow.xml".
  Copying file from "C:\Users\thank\OneDrive\Desktop\Temet Nosce\ao-duel-bot-repo\Profession Handlers\ProfessionHandler.Generic\UI\ScrollViewLayouts\EntryDropDown.xml" to "C:\Users\thank\OneDrive\Desktop\Temet Nosce\ao-duel-bot-repo\bin\Release\UI\ScrollViewLayouts\EntryDropDown.xml".
  Copying file from "C:\Users\thank\OneDrive\Desktop\Temet Nosce\ao-duel-bot-repo\Profession Handlers\ProfessionHandler.Generic\UI\ScrollViewLayouts\EntryCheckbox.xml" to "C:\Users\thank\OneDrive\Desktop\Temet Nosce\ao-duel-bot-repo\bin\Release\UI\ScrollViewLayouts\EntryCheckbox.xml".
  Copying file from "C:\Users\thank\OneDrive\Desktop\Temet Nosce\ao-duel-bot-repo\Profession Handlers\ProfessionHandler.Generic\UI\ScrollViewLayouts\CenteredLabelOnly.xml" to "C:\Users\thank\OneDrive\Desktop\Temet Nosce\ao-duel-bot-repo\bin\Release\UI\ScrollViewLayouts\CenteredLabelOnly.xml".
  Copying file from "C:\Users\thank\OneDrive\Desktop\Temet Nosce\ao-duel-bot-repo\Profession Handlers\ProfessionHandler.Generic\UI\ScrollViewLayouts\DualEntryDropDown.xml" to "C:\Users\thank\OneDrive\Desktop\Temet Nosce\ao-duel-bot-repo\bin\Release\UI\ScrollViewLayouts\DualEntryDropDown.xml".
  Copying file from "C:\Users\thank\OneDrive\Desktop\Temet Nosce\ao-duel-bot-repo\Profession Handlers\ProfessionHandler.Generic\UI\ScrollViewLayouts\EntryLabelOnly.xml" to "C:\Users\thank\OneDrive\Desktop\Temet Nosce\ao-duel-bot-repo\bin\Release\UI\ScrollViewLayouts\EntryLabelOnly.xml".
  Copying file from "C:\Users\thank\OneDrive\Desktop\Temet Nosce\ao-duel-bot-repo\Profession Handlers\ProfessionHandler.Generic\UI\ScrollViewLayouts\ThreeEntryDropDown.xml" to "C:\Users\thank\OneDrive\Desktop\Temet Nosce\ao-duel-bot-repo\bin\Release\UI\ScrollViewLayouts\ThreeEntryDropDown.xml".
  Copying file from "C:\Users\thank\OneDrive\Desktop\Temet Nosce\ao-duel-bot-repo\Profession Handlers\ProfessionHandler.Generic\UI\ScrollViewLayouts\EntryRadioGroup.xml" to "C:\Users\thank\OneDrive\Desktop\Temet Nosce\ao-duel-bot-repo\bin\Release\UI\ScrollViewLayouts\EntryRadioGroup.xml".
  Copying file from "C:\Users\thank\OneDrive\Desktop\Temet Nosce\ao-duel-bot-repo\Profession Handlers\ProfessionHandler.Generic\UI\ScrollViewLayouts\EntryTextInput.xml" to "C:\Users\thank\OneDrive\Desktop\Temet Nosce\ao-duel-bot-repo\bin\Release\UI\ScrollViewLayouts\EntryTextInput.xml".
  Copying file from "C:\Users\thank\OneDrive\Desktop\Temet Nosce\ao-duel-bot-repo\Profession Handlers\ProfessionHandler.Generic\UI\ScrollViewLayouts\OptionalVeiw.xml" to "C:\Users\thank\OneDrive\Desktop\Temet Nosce\ao-duel-bot-repo\bin\Release\UI\ScrollViewLayouts\OptionalVeiw.xml".
  Copying file from "C:\Users\thank\OneDrive\Desktop\Temet Nosce\ao-duel-bot-repo\Profession Handlers\ProfessionHandler.Generic\UI\ScrollViewLayouts\WindowColumn.xml" to "C:\Users\thank\OneDrive\Desktop\Temet Nosce\ao-duel-bot-repo\bin\Release\UI\ScrollViewLayouts\WindowColumn.xml".
  Copying file from "C:\Users\thank\OneDrive\Desktop\Temet Nosce\ao-duel-bot-repo\Profession Handlers\ProfessionHandler.Generic\UI\ScrollViewLayouts\WindowRow.xml" to "C:\Users\thank\OneDrive\Desktop\Temet Nosce\ao-duel-bot-repo\bin\Release\UI\ScrollViewLayouts\WindowRow.xml".
CopyFilesToOutputDirectory:
  Copying file from "C:\Users\thank\OneDrive\Desktop\Temet Nosce\ao-duel-bot-repo\Profession Handlers\ProfessionHandler.Generic\obj\Release\ProfessionHandler.Generic.dll" to "C:\Users\thank\OneDrive\Desktop\Temet Nosce\ao-duel-bot-repo\bin\Release\ProfessionHandler.Generic.dll".
  ProfessionHandler.Generic -> C:\Users\thank\OneDrive\Desktop\Temet Nosce\ao-duel-bot-repo\bin\Release\ProfessionHandler.Generic.dll
Done Building Project "C:\Users\thank\OneDrive\Desktop\Temet Nosce\ao-duel-bot-repo\Profession Handlers\ProfessionHandler.Generic\ProfessionHandler.Generic.csproj" (default targets).
GenerateTargetFrameworkMonikerAttribute:
Skipping target "GenerateTargetFrameworkMonikerAttribute" because all output files are up-to-date with respect to the input files.
CoreCompile:
  Setting DOTNET_TieredCompilation to '0'
  C:\Program Files\Microsoft Visual Studio\18\Community\MSBuild\Current\Bin\Roslyn\csc.exe /noconfig /unsafe- /nowarn:1701,1702 /fullpaths /nostdlib+ /errorreport:prompt /warn:4 /highentropyva+ /reference:"C:\Users\thank\OneDrive\Desktop\Temet Nosce\ao-duel-bot-repo\packages\AOSharpSDK.1.0.106\lib\net48\AOSharp.Common.dll" /reference:"C:\Users\thank\OneDrive\Desktop\Temet Nosce\ao-duel-bot-repo\packages\AOSharpSDK.1.0.106\lib\net48\AOSharp.Core.dll" /reference:"C:\Program Files (x86)\Reference Assemblies\Microsoft\Framework\.NETFramework\v4.8\mscorlib.dll" /reference:"C:\Users\thank\OneDrive\Desktop\Temet Nosce\ao-duel-bot-repo\bin\Release\ProfessionHandler.Generic.dll" /reference:"C:\Users\thank\OneDrive\Desktop\Temet Nosce\ao-duel-bot-repo\bin\Release\Shared.dll" /reference:"C:\Program Files (x86)\Reference Assemblies\Microsoft\Framework\.NETFramework\v4.8\System.Core.dll" /reference:"C:\Program Files (x86)\Reference Assemblies\Microsoft\Framework\.NETFramework\v4.8\System.dll" /debug- /filealign:512 /optimize+ /out:obj\Release\ProfessionHandler.Agent.dll /subsystemversion:6.00 /target:library /utf8output /deterministic+ /langversion:7.3 AgentCombatHandler.cs IPCMessages\AOE.cs IPCMessages\ClearBuffsMessage.cs IPCMessages\Holds.cs IPCMessages\IPCOpcode.cs IPCMessages\PetAttackMessage.cs IPCMessages\PetFollowMessage.cs IPCMessages\PetSync_On_Off_Message.cs IPCMessages\PetWaitMessage.cs IPCMessages\PetWarpMessage.cs IPCMessages\RemaingNCUMessage.cs IPCMessages\RootSnare.cs IPCMessages\SettingsUpdate.cs IPCMessages\Specials.cs Main.cs Properties\AssemblyInfo.cs "obj\Release\.NETFramework,Version=v4.8.AssemblyAttributes.cs"
  Compilation request ProfessionHandler.Agent, PathToTool=C:\Program Files\Microsoft Visual Studio\18\Community\MSBuild\Current\Bin\Roslyn\csc.exe
  CompilerServer: tool - using command line tool by design 'C:\Program Files\Microsoft Visual Studio\18\Community\MSBuild\Current\Bin\Roslyn\csc.exe' - ProfessionHandler.Agent
_CopyOutOfDateSourceItemsToOutputDirectory:
Skipping target "_CopyOutOfDateSourceItemsToOutputDirectory" because all output files are up-to-date with respect to the input files.
_CopyOutOfDateSourceItemsToOutputDirectoryAlways:
  Copying file from "C:\Users\thank\OneDrive\Desktop\Temet Nosce\ao-duel-bot-repo\Shared\UI\Windows\InfoWindow.xml" to "C:\Users\thank\OneDrive\Desktop\Temet Nosce\ao-duel-bot-repo\bin\Release\UI\Windows\InfoWindow.xml".
  Copying file from "C:\Users\thank\OneDrive\Desktop\Temet Nosce\ao-duel-bot-repo\Shared\UI\KittingWindow.xml" to "C:\Users\thank\OneDrive\Desktop\Temet Nosce\ao-duel-bot-repo\bin\Release\UI\KittingWindow.xml".
  Copying file from "C:\Users\thank\OneDrive\Desktop\Temet Nosce\ao-duel-bot-repo\Shared\UI\Views\BuddyCoreView.xml" to "C:\Users\thank\OneDrive\Desktop\Temet Nosce\ao-duel-bot-repo\bin\Release\UI\Views\BuddyCoreView.xml".
  Copying file from "C:\Users\thank\OneDrive\Desktop\Temet Nosce\ao-duel-bot-repo\Shared\NavMeshes\4364.Navmesh" to "C:\Users\thank\OneDrive\Desktop\Temet Nosce\ao-duel-bot-repo\bin\Release\NavMeshes\4364.Navmesh".
  Copying file from "C:\Users\thank\OneDrive\Desktop\Temet Nosce\ao-duel-bot-repo\Shared\NavMeshes\4364.nav" to "C:\Users\thank\OneDrive\Desktop\Temet Nosce\ao-duel-bot-repo\bin\Release\NavMeshes\4364.nav".
  Copying file from "C:\Users\thank\OneDrive\Desktop\Temet Nosce\ao-duel-bot-repo\Shared\NavMeshes\4328.nav" to "C:\Users\thank\OneDrive\Desktop\Temet Nosce\ao-duel-bot-repo\bin\Release\NavMeshes\4328.nav".
  Copying file from "C:\Users\thank\OneDrive\Desktop\Temet Nosce\ao-duel-bot-repo\Shared\NavMeshes\4365.nav" to "C:\Users\thank\OneDrive\Desktop\Temet Nosce\ao-duel-bot-repo\bin\Release\NavMeshes\4365.nav".
  Copying file from "C:\Users\thank\OneDrive\Desktop\Temet Nosce\ao-duel-bot-repo\Shared\NavMeshes\4365.navmesh" to "C:\Users\thank\OneDrive\Desktop\Temet Nosce\ao-duel-bot-repo\bin\Release\NavMeshes\4365.navmesh".
  Copying file from "C:\Users\thank\OneDrive\Desktop\Temet Nosce\ao-duel-bot-repo\Shared\NavMeshes\4368.nav" to "C:\Users\thank\OneDrive\Desktop\Temet Nosce\ao-duel-bot-repo\bin\Release\NavMeshes\4368.nav".
  Copying file from "C:\Users\thank\OneDrive\Desktop\Temet Nosce\ao-duel-bot-repo\Shared\NavMeshes\4368.navmesh" to "C:\Users\thank\OneDrive\Desktop\Temet Nosce\ao-duel-bot-repo\bin\Release\NavMeshes\4368.navmesh".
  Copying file from "C:\Users\thank\OneDrive\Desktop\Temet Nosce\ao-duel-bot-repo\Shared\NavMeshes\4605.nav" to "C:\Users\thank\OneDrive\Desktop\Temet Nosce\ao-duel-bot-repo\bin\Release\NavMeshes\4605.nav".
  Copying file from "C:\Users\thank\OneDrive\Desktop\Temet Nosce\ao-duel-bot-repo\Shared\NavMeshes\4605.navmesh" to "C:\Users\thank\OneDrive\Desktop\Temet Nosce\ao-duel-bot-repo\bin\Release\NavMeshes\4605.navmesh".
  Copying file from "C:\Users\thank\OneDrive\Desktop\Temet Nosce\ao-duel-bot-repo\Shared\NavMeshes\4696.nav" to "C:\Users\thank\OneDrive\Desktop\Temet Nosce\ao-duel-bot-repo\bin\Release\NavMeshes\4696.nav".
  Copying file from "C:\Users\thank\OneDrive\Desktop\Temet Nosce\ao-duel-bot-repo\Shared\NavMeshes\4696.navmesh" to "C:\Users\thank\OneDrive\Desktop\Temet Nosce\ao-duel-bot-repo\bin\Release\NavMeshes\4696.navmesh".
  Copying file from "C:\Users\thank\OneDrive\Desktop\Temet Nosce\ao-duel-bot-repo\Shared\NavMeshes\4697.nav" to "C:\Users\thank\OneDrive\Desktop\Temet Nosce\ao-duel-bot-repo\bin\Release\NavMeshes\4697.nav".
  Copying file from "C:\Users\thank\OneDrive\Desktop\Temet Nosce\ao-duel-bot-repo\Shared\NavMeshes\5002.Navmesh" to "C:\Users\thank\OneDrive\Desktop\Temet Nosce\ao-duel-bot-repo\bin\Release\NavMeshes\5002.Navmesh".
  Copying file from "C:\Users\thank\OneDrive\Desktop\Temet Nosce\ao-duel-bot-repo\Shared\NavMeshes\6003.Navmesh" to "C:\Users\thank\OneDrive\Desktop\Temet Nosce\ao-duel-bot-repo\bin\Release\NavMeshes\6003.Navmesh".
  Copying file from "C:\Users\thank\OneDrive\Desktop\Temet Nosce\ao-duel-bot-repo\Shared\NavMeshes\6013.Navmesh" to "C:\Users\thank\OneDrive\Desktop\Temet Nosce\ao-duel-bot-repo\bin\Release\NavMeshes\6013.Navmesh".
  Copying file from "C:\Users\thank\OneDrive\Desktop\Temet Nosce\ao-duel-bot-repo\Shared\NavMeshes\6055.nav" to "C:\Users\thank\OneDrive\Desktop\Temet Nosce\ao-duel-bot-repo\bin\Release\NavMeshes\6055.nav".
  Copying file from "C:\Users\thank\OneDrive\Desktop\Temet Nosce\ao-duel-bot-repo\Shared\NavMeshes\6055.Navmesh" to "C:\Users\thank\OneDrive\Desktop\Temet Nosce\ao-duel-bot-repo\bin\Release\NavMeshes\6055.Navmesh".
  Copying file from "C:\Users\thank\OneDrive\Desktop\Temet Nosce\ao-duel-bot-repo\Shared\NavMeshes\6061.Navmesh" to "C:\Users\thank\OneDrive\Desktop\Temet Nosce\ao-duel-bot-repo\bin\Release\NavMeshes\6061.Navmesh".
  Copying file from "C:\Users\thank\OneDrive\Desktop\Temet Nosce\ao-duel-bot-repo\Shared\NavMeshes\8020.nav" to "C:\Users\thank\OneDrive\Desktop\Temet Nosce\ao-duel-bot-repo\bin\Release\NavMeshes\8020.nav".
  Copying file from "C:\Users\thank\OneDrive\Desktop\Temet Nosce\ao-duel-bot-repo\Shared\NavMeshes\9042.nav" to "C:\Users\thank\OneDrive\Desktop\Temet Nosce\ao-duel-bot-repo\bin\Release\NavMeshes\9042.nav".
  Copying file from "C:\Users\thank\OneDrive\Desktop\Temet Nosce\ao-duel-bot-repo\Shared\NavMeshes\9042.navmesh" to "C:\Users\thank\OneDrive\Desktop\Temet Nosce\ao-duel-bot-repo\bin\Release\NavMeshes\9042.navmesh".
  Copying file from "C:\Users\thank\OneDrive\Desktop\Temet Nosce\ao-duel-bot-repo\Profession Handlers\ProfessionHandler.Generic\UI\BuffWindow.xml" to "C:\Users\thank\OneDrive\Desktop\Temet Nosce\ao-duel-bot-repo\bin\Release\UI\BuffWindow.xml".
  Copying file from "C:\Users\thank\OneDrive\Desktop\Temet Nosce\ao-duel-bot-repo\Profession Handlers\ProfessionHandler.Generic\UI\HandlerMainWindow\AdvMorphView.xml" to "C:\Users\thank\OneDrive\Desktop\Temet Nosce\ao-duel-bot-repo\bin\Release\UI\HandlerMainWindow\AdvMorphView.xml".
  Copying file from "C:\Users\thank\OneDrive\Desktop\Temet Nosce\ao-duel-bot-repo\Profession Handlers\ProfessionHandler.Generic\UI\ScrollViewLayouts\CenteredButtonWithText.xml" to "C:\Users\thank\OneDrive\Desktop\Temet Nosce\ao-duel-bot-repo\bin\Release\UI\ScrollViewLayouts\CenteredButtonWithText.xml".
  Copying file from "C:\Users\thank\OneDrive\Desktop\Temet Nosce\ao-duel-bot-repo\Profession Handlers\ProfessionHandler.Generic\UI\ScrollViewLayouts\DropDownInputBox.xml" to "C:\Users\thank\OneDrive\Desktop\Temet Nosce\ao-duel-bot-repo\bin\Release\UI\ScrollViewLayouts\DropDownInputBox.xml".
  Copying file from "C:\Users\thank\OneDrive\Desktop\Temet Nosce\ao-duel-bot-repo\Profession Handlers\ProfessionHandler.Generic\UI\ScrollViewLayouts\DropDownInputBoxDropDown.xml" to "C:\Users\thank\OneDrive\Desktop\Temet Nosce\ao-duel-bot-repo\bin\Release\UI\ScrollViewLayouts\DropDownInputBoxDropDown.xml".
  Copying file from "C:\Users\thank\OneDrive\Desktop\Temet Nosce\ao-duel-bot-repo\Profession Handlers\ProfessionHandler.Generic\UI\ScrollViewLayouts\DropDownWithCheckBox.xml" to "C:\Users\thank\OneDrive\Desktop\Temet Nosce\ao-duel-bot-repo\bin\Release\UI\ScrollViewLayouts\DropDownWithCheckBox.xml".
  Copying file from "C:\Users\thank\OneDrive\Desktop\Temet Nosce\ao-duel-bot-repo\Profession Handlers\ProfessionHandler.Generic\UI\PetWindow.xml" to "C:\Users\thank\OneDrive\Desktop\Temet Nosce\ao-duel-bot-repo\bin\Release\UI\PetWindow.xml".
  Copying file from "C:\Users\thank\OneDrive\Desktop\Temet Nosce\ao-duel-bot-repo\Profession Handlers\ProfessionHandler.Generic\UI\HandlerMainWindow\ErrorRow.xml" to "C:\Users\thank\OneDrive\Desktop\Temet Nosce\ao-duel-bot-repo\bin\Release\UI\HandlerMainWindow\ErrorRow.xml".
  Copying file from "C:\Users\thank\OneDrive\Desktop\Temet Nosce\ao-duel-bot-repo\Profession Handlers\ProfessionHandler.Generic\UI\HandlerMainWindow\PetCommandView.xml" to "C:\Users\thank\OneDrive\Desktop\Temet Nosce\ao-duel-bot-repo\bin\Release\UI\HandlerMainWindow\PetCommandView.xml".
  Copying file from "C:\Users\thank\OneDrive\Desktop\Temet Nosce\ao-duel-bot-repo\Profession Handlers\ProfessionHandler.Generic\UI\GenericWindow.xml" to "C:\Users\thank\OneDrive\Desktop\Temet Nosce\ao-duel-bot-repo\bin\Release\UI\GenericWindow.xml".
  Copying file from "C:\Users\thank\OneDrive\Desktop\Temet Nosce\ao-duel-bot-repo\Profession Handlers\ProfessionHandler.Generic\UI\HandlerMainWindow\DynamicButtons\SingleButtonRow.xml" to "C:\Users\thank\OneDrive\Desktop\Temet Nosce\ao-duel-bot-repo\bin\Release\UI\HandlerMainWindow\DynamicButtons\SingleButtonRow.xml".
  Copying file from "C:\Users\thank\OneDrive\Desktop\Temet Nosce\ao-duel-bot-repo\Profession Handlers\ProfessionHandler.Generic\UI\HandlerMainWindow\DynamicButtons\DualButtonRow.xml" to "C:\Users\thank\OneDrive\Desktop\Temet Nosce\ao-duel-bot-repo\bin\Release\UI\HandlerMainWindow\DynamicButtons\DualButtonRow.xml".
  Copying file from "C:\Users\thank\OneDrive\Desktop\Temet Nosce\ao-duel-bot-repo\Profession Handlers\ProfessionHandler.Generic\UI\HandlerMainWindow\HandlerInfoWindow.xml" to "C:\Users\thank\OneDrive\Desktop\Temet Nosce\ao-duel-bot-repo\bin\Release\UI\HandlerMainWindow\HandlerInfoWindow.xml".
  Copying file from "C:\Users\thank\OneDrive\Desktop\Temet Nosce\ao-duel-bot-repo\Profession Handlers\ProfessionHandler.Generic\UI\HandlerMainWindow\OptionalRow\HandlerAddRow.xml" to "C:\Users\thank\OneDrive\Desktop\Temet Nosce\ao-duel-bot-repo\bin\Release\UI\HandlerMainWindow\OptionalRow\HandlerAddRow.xml".
  Copying file from "C:\Users\thank\OneDrive\Desktop\Temet Nosce\ao-duel-bot-repo\Profession Handlers\ProfessionHandler.Generic\UI\HandlerMainWindow\HandlerMainWindow.xml" to "C:\Users\thank\OneDrive\Desktop\Temet Nosce\ao-duel-bot-repo\bin\Release\UI\HandlerMainWindow\HandlerMainWindow.xml".
  Copying file from "C:\Users\thank\OneDrive\Desktop\Temet Nosce\ao-duel-bot-repo\Profession Handlers\ProfessionHandler.Generic\UI\ScrollViewLayouts\EntryDropDown.xml" to "C:\Users\thank\OneDrive\Desktop\Temet Nosce\ao-duel-bot-repo\bin\Release\UI\ScrollViewLayouts\EntryDropDown.xml".
  Copying file from "C:\Users\thank\OneDrive\Desktop\Temet Nosce\ao-duel-bot-repo\Profession Handlers\ProfessionHandler.Generic\UI\ScrollViewLayouts\EntryCheckbox.xml" to "C:\Users\thank\OneDrive\Desktop\Temet Nosce\ao-duel-bot-repo\bin\Release\UI\ScrollViewLayouts\EntryCheckbox.xml".
  Copying file from "C:\Users\thank\OneDrive\Desktop\Temet Nosce\ao-duel-bot-repo\Profession Handlers\ProfessionHandler.Generic\UI\ScrollViewLayouts\CenteredLabelOnly.xml" to "C:\Users\thank\OneDrive\Desktop\Temet Nosce\ao-duel-bot-repo\bin\Release\UI\ScrollViewLayouts\CenteredLabelOnly.xml".
  Copying file from "C:\Users\thank\OneDrive\Desktop\Temet Nosce\ao-duel-bot-repo\Profession Handlers\ProfessionHandler.Generic\UI\ScrollViewLayouts\DualEntryDropDown.xml" to "C:\Users\thank\OneDrive\Desktop\Temet Nosce\ao-duel-bot-repo\bin\Release\UI\ScrollViewLayouts\DualEntryDropDown.xml".
  Copying file from "C:\Users\thank\OneDrive\Desktop\Temet Nosce\ao-duel-bot-repo\Profession Handlers\ProfessionHandler.Generic\UI\ScrollViewLayouts\EntryLabelOnly.xml" to "C:\Users\thank\OneDrive\Desktop\Temet Nosce\ao-duel-bot-repo\bin\Release\UI\ScrollViewLayouts\EntryLabelOnly.xml".
  Copying file from "C:\Users\thank\OneDrive\Desktop\Temet Nosce\ao-duel-bot-repo\Profession Handlers\ProfessionHandler.Generic\UI\ScrollViewLayouts\ThreeEntryDropDown.xml" to "C:\Users\thank\OneDrive\Desktop\Temet Nosce\ao-duel-bot-repo\bin\Release\UI\ScrollViewLayouts\ThreeEntryDropDown.xml".
  Copying file from "C:\Users\thank\OneDrive\Desktop\Temet Nosce\ao-duel-bot-repo\Profession Handlers\ProfessionHandler.Generic\UI\ScrollViewLayouts\EntryRadioGroup.xml" to "C:\Users\thank\OneDrive\Desktop\Temet Nosce\ao-duel-bot-repo\bin\Release\UI\ScrollViewLayouts\EntryRadioGroup.xml".
  Copying file from "C:\Users\thank\OneDrive\Desktop\Temet Nosce\ao-duel-bot-repo\Profession Handlers\ProfessionHandler.Generic\UI\ScrollViewLayouts\EntryTextInput.xml" to "C:\Users\thank\OneDrive\Desktop\Temet Nosce\ao-duel-bot-repo\bin\Release\UI\ScrollViewLayouts\EntryTextInput.xml".
  Copying file from "C:\Users\thank\OneDrive\Desktop\Temet Nosce\ao-duel-bot-repo\Profession Handlers\ProfessionHandler.Generic\UI\ScrollViewLayouts\OptionalVeiw.xml" to "C:\Users\thank\OneDrive\Desktop\Temet Nosce\ao-duel-bot-repo\bin\Release\UI\ScrollViewLayouts\OptionalVeiw.xml".
  Copying file from "C:\Users\thank\OneDrive\Desktop\Temet Nosce\ao-duel-bot-repo\Profession Handlers\ProfessionHandler.Generic\UI\ScrollViewLayouts\WindowColumn.xml" to "C:\Users\thank\OneDrive\Desktop\Temet Nosce\ao-duel-bot-repo\bin\Release\UI\ScrollViewLayouts\WindowColumn.xml".
  Copying file from "C:\Users\thank\OneDrive\Desktop\Temet Nosce\ao-duel-bot-repo\Profession Handlers\ProfessionHandler.Generic\UI\ScrollViewLayouts\WindowRow.xml" to "C:\Users\thank\OneDrive\Desktop\Temet Nosce\ao-duel-bot-repo\bin\Release\UI\ScrollViewLayouts\WindowRow.xml".
  Copying file from "C:\Users\thank\OneDrive\Desktop\Temet Nosce\ao-duel-bot-repo\Profession Handlers\ProfessionHandler.Agent\UI\AgentFalseProfsView.xml" to "C:\Users\thank\OneDrive\Desktop\Temet Nosce\ao-duel-bot-repo\bin\Release\UI\AgentFalseProfsView.xml".
  Copying file from "C:\Users\thank\OneDrive\Desktop\Temet Nosce\ao-duel-bot-repo\Profession Handlers\ProfessionHandler.Agent\UI\AgentSettingsView.xml" to "C:\Users\thank\OneDrive\Desktop\Temet Nosce\ao-duel-bot-repo\bin\Release\UI\AgentSettingsView.xml".
CopyFilesToOutputDirectory:
  Copying file from "C:\Users\thank\OneDrive\Desktop\Temet Nosce\ao-duel-bot-repo\Profession Handlers\ProfessionHandler.Agent\obj\Release\ProfessionHandler.Agent.dll" to "C:\Users\thank\OneDrive\Desktop\Temet Nosce\ao-duel-bot-repo\bin\Release\ProfessionHandler.Agent.dll".
  ProfessionHandler.Agent -> C:\Users\thank\OneDrive\Desktop\Temet Nosce\ao-duel-bot-repo\bin\Release\ProfessionHandler.Agent.dll
Done Building Project "C:\Users\thank\OneDrive\Desktop\Temet Nosce\ao-duel-bot-repo\Profession Handlers\ProfessionHandler.Agent\ProfessionHandler.Agent.csproj" (default targets).
GenerateTargetFrameworkMonikerAttribute:
Skipping target "GenerateTargetFrameworkMonikerAttribute" because all output files are up-to-date with respect to the input files.
CoreCompile:
  Setting DOTNET_TieredCompilation to '0'
  C:\Program Files\Microsoft Visual Studio\18\Community\MSBuild\Current\Bin\Roslyn\csc.exe /noconfig /nowarn:1701,1702 /fullpaths /nostdlib+ /highentropyva+ /reference:"C:\Users\thank\OneDrive\Desktop\Temet Nosce\ao-duel-bot-repo\packages\AOSharpSDK.1.0.106\lib\net48\AOSharp.Common.dll" /reference:"C:\Users\thank\OneDrive\Desktop\Temet Nosce\ao-duel-bot-repo\packages\AOSharpSDK.1.0.106\lib\net48\AOSharp.Core.dll" /reference:"C:\Program Files (x86)\Reference Assemblies\Microsoft\Framework\.NETFramework\v4.8\mscorlib.dll" /reference:"C:\Users\thank\OneDrive\Desktop\Temet Nosce\ao-duel-bot-repo\packages\Newtonsoft.Json.13.0.3\lib\net45\Newtonsoft.Json.dll" /reference:"C:\Users\thank\OneDrive\Desktop\Temet Nosce\ao-duel-bot-repo\bin\Release\ProfessionHandler.Agent.dll" /reference:"C:\Users\thank\OneDrive\Desktop\Temet Nosce\ao-duel-bot-repo\bin\Release\ProfessionHandler.Generic.dll" /reference:"C:\Program Files (x86)\Reference Assemblies\Microsoft\Framework\.NETFramework\v4.8\System.Core.dll" /reference:"C:\Program Files (x86)\Reference Assemblies\Microsoft\Framework\.NETFramework\v4.8\System.dll" /reference:"C:\Program Files (x86)\Reference Assemblies\Microsoft\Framework\.NETFramework\v4.8\System.Windows.Forms.dll" /debug- /optimize+ /out:obj\Release\ProfessionHandler.Agent.DuelPractice.dll /subsystemversion:6.00 /target:library /utf8output /deterministic+ /langversion:7.3 Main.cs AgentDuelPracticeHandler.cs PracticeService.cs DuelRecorder.cs EquipmentEngine.cs EquipmentBridge.cs AdaptiveEquipment.cs DecisionLayer.cs BurstSequenceModel.cs BurstSequenceWindowController.cs "obj\Release\.NETFramework,Version=v4.8.AssemblyAttributes.cs"
  Compilation request ProfessionHandler.Agent.DuelPractice, PathToTool=C:\Program Files\Microsoft Visual Studio\18\Community\MSBuild\Current\Bin\Roslyn\csc.exe
  CompilerServer: tool - using command line tool by design 'C:\Program Files\Microsoft Visual Studio\18\Community\MSBuild\Current\Bin\Roslyn\csc.exe' - ProfessionHandler.Agent.DuelPractice
_CopyOutOfDateSourceItemsToOutputDirectory:
Skipping target "_CopyOutOfDateSourceItemsToOutputDirectory" because all output files are up-to-date with respect to the input files.
_CopyOutOfDateSourceItemsToOutputDirectoryAlways:
  Copying file from "C:\Users\thank\OneDrive\Desktop\Temet Nosce\ao-duel-bot-repo\Shared\UI\Windows\InfoWindow.xml" to "C:\Users\thank\OneDrive\Desktop\Temet Nosce\ao-duel-bot-repo\bin\Release\UI\Windows\InfoWindow.xml".
  Copying file from "C:\Users\thank\OneDrive\Desktop\Temet Nosce\ao-duel-bot-repo\Shared\UI\KittingWindow.xml" to "C:\Users\thank\OneDrive\Desktop\Temet Nosce\ao-duel-bot-repo\bin\Release\UI\KittingWindow.xml".
  Copying file from "C:\Users\thank\OneDrive\Desktop\Temet Nosce\ao-duel-bot-repo\Shared\NavMeshes\4328.nav" to "C:\Users\thank\OneDrive\Desktop\Temet Nosce\ao-duel-bot-repo\bin\Release\NavMeshes\4328.nav".
  Copying file from "C:\Users\thank\OneDrive\Desktop\Temet Nosce\ao-duel-bot-repo\Shared\UI\Views\BuddyCoreView.xml" to "C:\Users\thank\OneDrive\Desktop\Temet Nosce\ao-duel-bot-repo\bin\Release\UI\Views\BuddyCoreView.xml".
  Copying file from "C:\Users\thank\OneDrive\Desktop\Temet Nosce\ao-duel-bot-repo\Shared\NavMeshes\4364.nav" to "C:\Users\thank\OneDrive\Desktop\Temet Nosce\ao-duel-bot-repo\bin\Release\NavMeshes\4364.nav".
  Copying file from "C:\Users\thank\OneDrive\Desktop\Temet Nosce\ao-duel-bot-repo\Shared\NavMeshes\4364.Navmesh" to "C:\Users\thank\OneDrive\Desktop\Temet Nosce\ao-duel-bot-repo\bin\Release\NavMeshes\4364.Navmesh".
  Copying file from "C:\Users\thank\OneDrive\Desktop\Temet Nosce\ao-duel-bot-repo\Shared\NavMeshes\4365.navmesh" to "C:\Users\thank\OneDrive\Desktop\Temet Nosce\ao-duel-bot-repo\bin\Release\NavMeshes\4365.navmesh".
  Copying file from "C:\Users\thank\OneDrive\Desktop\Temet Nosce\ao-duel-bot-repo\Shared\NavMeshes\4365.nav" to "C:\Users\thank\OneDrive\Desktop\Temet Nosce\ao-duel-bot-repo\bin\Release\NavMeshes\4365.nav".
  Copying file from "C:\Users\thank\OneDrive\Desktop\Temet Nosce\ao-duel-bot-repo\Shared\NavMeshes\4368.nav" to "C:\Users\thank\OneDrive\Desktop\Temet Nosce\ao-duel-bot-repo\bin\Release\NavMeshes\4368.nav".
  Copying file from "C:\Users\thank\OneDrive\Desktop\Temet Nosce\ao-duel-bot-repo\Shared\NavMeshes\4368.navmesh" to "C:\Users\thank\OneDrive\Desktop\Temet Nosce\ao-duel-bot-repo\bin\Release\NavMeshes\4368.navmesh".
  Copying file from "C:\Users\thank\OneDrive\Desktop\Temet Nosce\ao-duel-bot-repo\Shared\NavMeshes\4605.nav" to "C:\Users\thank\OneDrive\Desktop\Temet Nosce\ao-duel-bot-repo\bin\Release\NavMeshes\4605.nav".
  Copying file from "C:\Users\thank\OneDrive\Desktop\Temet Nosce\ao-duel-bot-repo\Shared\NavMeshes\4605.navmesh" to "C:\Users\thank\OneDrive\Desktop\Temet Nosce\ao-duel-bot-repo\bin\Release\NavMeshes\4605.navmesh".
  Copying file from "C:\Users\thank\OneDrive\Desktop\Temet Nosce\ao-duel-bot-repo\Shared\NavMeshes\4696.nav" to "C:\Users\thank\OneDrive\Desktop\Temet Nosce\ao-duel-bot-repo\bin\Release\NavMeshes\4696.nav".
  Copying file from "C:\Users\thank\OneDrive\Desktop\Temet Nosce\ao-duel-bot-repo\Shared\NavMeshes\4697.nav" to "C:\Users\thank\OneDrive\Desktop\Temet Nosce\ao-duel-bot-repo\bin\Release\NavMeshes\4697.nav".
  Copying file from "C:\Users\thank\OneDrive\Desktop\Temet Nosce\ao-duel-bot-repo\Shared\NavMeshes\4696.navmesh" to "C:\Users\thank\OneDrive\Desktop\Temet Nosce\ao-duel-bot-repo\bin\Release\NavMeshes\4696.navmesh".
  Copying file from "C:\Users\thank\OneDrive\Desktop\Temet Nosce\ao-duel-bot-repo\Shared\NavMeshes\5002.Navmesh" to "C:\Users\thank\OneDrive\Desktop\Temet Nosce\ao-duel-bot-repo\bin\Release\NavMeshes\5002.Navmesh".
  Copying file from "C:\Users\thank\OneDrive\Desktop\Temet Nosce\ao-duel-bot-repo\Shared\NavMeshes\6003.Navmesh" to "C:\Users\thank\OneDrive\Desktop\Temet Nosce\ao-duel-bot-repo\bin\Release\NavMeshes\6003.Navmesh".
  Copying file from "C:\Users\thank\OneDrive\Desktop\Temet Nosce\ao-duel-bot-repo\Shared\NavMeshes\6013.Navmesh" to "C:\Users\thank\OneDrive\Desktop\Temet Nosce\ao-duel-bot-repo\bin\Release\NavMeshes\6013.Navmesh".
  Copying file from "C:\Users\thank\OneDrive\Desktop\Temet Nosce\ao-duel-bot-repo\Shared\NavMeshes\6055.nav" to "C:\Users\thank\OneDrive\Desktop\Temet Nosce\ao-duel-bot-repo\bin\Release\NavMeshes\6055.nav".
  Copying file from "C:\Users\thank\OneDrive\Desktop\Temet Nosce\ao-duel-bot-repo\Shared\NavMeshes\6055.Navmesh" to "C:\Users\thank\OneDrive\Desktop\Temet Nosce\ao-duel-bot-repo\bin\Release\NavMeshes\6055.Navmesh".
  Copying file from "C:\Users\thank\OneDrive\Desktop\Temet Nosce\ao-duel-bot-repo\Shared\NavMeshes\6061.Navmesh" to "C:\Users\thank\OneDrive\Desktop\Temet Nosce\ao-duel-bot-repo\bin\Release\NavMeshes\6061.Navmesh".
  Copying file from "C:\Users\thank\OneDrive\Desktop\Temet Nosce\ao-duel-bot-repo\Shared\NavMeshes\8020.nav" to "C:\Users\thank\OneDrive\Desktop\Temet Nosce\ao-duel-bot-repo\bin\Release\NavMeshes\8020.nav".
  Copying file from "C:\Users\thank\OneDrive\Desktop\Temet Nosce\ao-duel-bot-repo\Shared\NavMeshes\9042.nav" to "C:\Users\thank\OneDrive\Desktop\Temet Nosce\ao-duel-bot-repo\bin\Release\NavMeshes\9042.nav".
  Copying file from "C:\Users\thank\OneDrive\Desktop\Temet Nosce\ao-duel-bot-repo\Profession Handlers\ProfessionHandler.Generic\UI\BuffWindow.xml" to "C:\Users\thank\OneDrive\Desktop\Temet Nosce\ao-duel-bot-repo\bin\Release\UI\BuffWindow.xml".
  Copying file from "C:\Users\thank\OneDrive\Desktop\Temet Nosce\ao-duel-bot-repo\Profession Handlers\ProfessionHandler.Generic\UI\HandlerMainWindow\AdvMorphView.xml" to "C:\Users\thank\OneDrive\Desktop\Temet Nosce\ao-duel-bot-repo\bin\Release\UI\HandlerMainWindow\AdvMorphView.xml".
  Copying file from "C:\Users\thank\OneDrive\Desktop\Temet Nosce\ao-duel-bot-repo\Shared\NavMeshes\9042.navmesh" to "C:\Users\thank\OneDrive\Desktop\Temet Nosce\ao-duel-bot-repo\bin\Release\NavMeshes\9042.navmesh".
  Copying file from "C:\Users\thank\OneDrive\Desktop\Temet Nosce\ao-duel-bot-repo\Profession Handlers\ProfessionHandler.Generic\UI\ScrollViewLayouts\CenteredButtonWithText.xml" to "C:\Users\thank\OneDrive\Desktop\Temet Nosce\ao-duel-bot-repo\bin\Release\UI\ScrollViewLayouts\CenteredButtonWithText.xml".
  Copying file from "C:\Users\thank\OneDrive\Desktop\Temet Nosce\ao-duel-bot-repo\Profession Handlers\ProfessionHandler.Generic\UI\ScrollViewLayouts\DropDownInputBox.xml" to "C:\Users\thank\OneDrive\Desktop\Temet Nosce\ao-duel-bot-repo\bin\Release\UI\ScrollViewLayouts\DropDownInputBox.xml".
  Copying file from "C:\Users\thank\OneDrive\Desktop\Temet Nosce\ao-duel-bot-repo\Profession Handlers\ProfessionHandler.Generic\UI\ScrollViewLayouts\DropDownInputBoxDropDown.xml" to "C:\Users\thank\OneDrive\Desktop\Temet Nosce\ao-duel-bot-repo\bin\Release\UI\ScrollViewLayouts\DropDownInputBoxDropDown.xml".
  Copying file from "C:\Users\thank\OneDrive\Desktop\Temet Nosce\ao-duel-bot-repo\Profession Handlers\ProfessionHandler.Generic\UI\ScrollViewLayouts\DropDownWithCheckBox.xml" to "C:\Users\thank\OneDrive\Desktop\Temet Nosce\ao-duel-bot-repo\bin\Release\UI\ScrollViewLayouts\DropDownWithCheckBox.xml".
  Copying file from "C:\Users\thank\OneDrive\Desktop\Temet Nosce\ao-duel-bot-repo\Profession Handlers\ProfessionHandler.Generic\UI\PetWindow.xml" to "C:\Users\thank\OneDrive\Desktop\Temet Nosce\ao-duel-bot-repo\bin\Release\UI\PetWindow.xml".
  Copying file from "C:\Users\thank\OneDrive\Desktop\Temet Nosce\ao-duel-bot-repo\Profession Handlers\ProfessionHandler.Generic\UI\HandlerMainWindow\PetCommandView.xml" to "C:\Users\thank\OneDrive\Desktop\Temet Nosce\ao-duel-bot-repo\bin\Release\UI\HandlerMainWindow\PetCommandView.xml".
  Copying file from "C:\Users\thank\OneDrive\Desktop\Temet Nosce\ao-duel-bot-repo\Profession Handlers\ProfessionHandler.Generic\UI\HandlerMainWindow\ErrorRow.xml" to "C:\Users\thank\OneDrive\Desktop\Temet Nosce\ao-duel-bot-repo\bin\Release\UI\HandlerMainWindow\ErrorRow.xml".
  Copying file from "C:\Users\thank\OneDrive\Desktop\Temet Nosce\ao-duel-bot-repo\Profession Handlers\ProfessionHandler.Generic\UI\HandlerMainWindow\DynamicButtons\DualButtonRow.xml" to "C:\Users\thank\OneDrive\Desktop\Temet Nosce\ao-duel-bot-repo\bin\Release\UI\HandlerMainWindow\DynamicButtons\DualButtonRow.xml".
  Copying file from "C:\Users\thank\OneDrive\Desktop\Temet Nosce\ao-duel-bot-repo\Profession Handlers\ProfessionHandler.Generic\UI\HandlerMainWindow\DynamicButtons\SingleButtonRow.xml" to "C:\Users\thank\OneDrive\Desktop\Temet Nosce\ao-duel-bot-repo\bin\Release\UI\HandlerMainWindow\DynamicButtons\SingleButtonRow.xml".
  Copying file from "C:\Users\thank\OneDrive\Desktop\Temet Nosce\ao-duel-bot-repo\Profession Handlers\ProfessionHandler.Generic\UI\GenericWindow.xml" to "C:\Users\thank\OneDrive\Desktop\Temet Nosce\ao-duel-bot-repo\bin\Release\UI\GenericWindow.xml".
  Copying file from "C:\Users\thank\OneDrive\Desktop\Temet Nosce\ao-duel-bot-repo\Profession Handlers\ProfessionHandler.Generic\UI\HandlerMainWindow\OptionalRow\HandlerAddRow.xml" to "C:\Users\thank\OneDrive\Desktop\Temet Nosce\ao-duel-bot-repo\bin\Release\UI\HandlerMainWindow\OptionalRow\HandlerAddRow.xml".
  Copying file from "C:\Users\thank\OneDrive\Desktop\Temet Nosce\ao-duel-bot-repo\Profession Handlers\ProfessionHandler.Generic\UI\HandlerMainWindow\HandlerInfoWindow.xml" to "C:\Users\thank\OneDrive\Desktop\Temet Nosce\ao-duel-bot-repo\bin\Release\UI\HandlerMainWindow\HandlerInfoWindow.xml".
  Copying file from "C:\Users\thank\OneDrive\Desktop\Temet Nosce\ao-duel-bot-repo\Profession Handlers\ProfessionHandler.Generic\UI\HandlerMainWindow\HandlerMainWindow.xml" to "C:\Users\thank\OneDrive\Desktop\Temet Nosce\ao-duel-bot-repo\bin\Release\UI\HandlerMainWindow\HandlerMainWindow.xml".
  Copying file from "C:\Users\thank\OneDrive\Desktop\Temet Nosce\ao-duel-bot-repo\Profession Handlers\ProfessionHandler.Generic\UI\ScrollViewLayouts\EntryDropDown.xml" to "C:\Users\thank\OneDrive\Desktop\Temet Nosce\ao-duel-bot-repo\bin\Release\UI\ScrollViewLayouts\EntryDropDown.xml".
  Copying file from "C:\Users\thank\OneDrive\Desktop\Temet Nosce\ao-duel-bot-repo\Profession Handlers\ProfessionHandler.Generic\UI\ScrollViewLayouts\EntryCheckbox.xml" to "C:\Users\thank\OneDrive\Desktop\Temet Nosce\ao-duel-bot-repo\bin\Release\UI\ScrollViewLayouts\EntryCheckbox.xml".
  Copying file from "C:\Users\thank\OneDrive\Desktop\Temet Nosce\ao-duel-bot-repo\Profession Handlers\ProfessionHandler.Generic\UI\ScrollViewLayouts\CenteredLabelOnly.xml" to "C:\Users\thank\OneDrive\Desktop\Temet Nosce\ao-duel-bot-repo\bin\Release\UI\ScrollViewLayouts\CenteredLabelOnly.xml".
  Copying file from "C:\Users\thank\OneDrive\Desktop\Temet Nosce\ao-duel-bot-repo\Profession Handlers\ProfessionHandler.Generic\UI\ScrollViewLayouts\DualEntryDropDown.xml" to "C:\Users\thank\OneDrive\Desktop\Temet Nosce\ao-duel-bot-repo\bin\Release\UI\ScrollViewLayouts\DualEntryDropDown.xml".
  Copying file from "C:\Users\thank\OneDrive\Desktop\Temet Nosce\ao-duel-bot-repo\Profession Handlers\ProfessionHandler.Generic\UI\ScrollViewLayouts\EntryLabelOnly.xml" to "C:\Users\thank\OneDrive\Desktop\Temet Nosce\ao-duel-bot-repo\bin\Release\UI\ScrollViewLayouts\EntryLabelOnly.xml".
  Copying file from "C:\Users\thank\OneDrive\Desktop\Temet Nosce\ao-duel-bot-repo\Profession Handlers\ProfessionHandler.Generic\UI\ScrollViewLayouts\ThreeEntryDropDown.xml" to "C:\Users\thank\OneDrive\Desktop\Temet Nosce\ao-duel-bot-repo\bin\Release\UI\ScrollViewLayouts\ThreeEntryDropDown.xml".
  Copying file from "C:\Users\thank\OneDrive\Desktop\Temet Nosce\ao-duel-bot-repo\Profession Handlers\ProfessionHandler.Generic\UI\ScrollViewLayouts\EntryRadioGroup.xml" to "C:\Users\thank\OneDrive\Desktop\Temet Nosce\ao-duel-bot-repo\bin\Release\UI\ScrollViewLayouts\EntryRadioGroup.xml".
  Copying file from "C:\Users\thank\OneDrive\Desktop\Temet Nosce\ao-duel-bot-repo\Profession Handlers\ProfessionHandler.Generic\UI\ScrollViewLayouts\EntryTextInput.xml" to "C:\Users\thank\OneDrive\Desktop\Temet Nosce\ao-duel-bot-repo\bin\Release\UI\ScrollViewLayouts\EntryTextInput.xml".
  Copying file from "C:\Users\thank\OneDrive\Desktop\Temet Nosce\ao-duel-bot-repo\Profession Handlers\ProfessionHandler.Generic\UI\ScrollViewLayouts\OptionalVeiw.xml" to "C:\Users\thank\OneDrive\Desktop\Temet Nosce\ao-duel-bot-repo\bin\Release\UI\ScrollViewLayouts\OptionalVeiw.xml".
  Copying file from "C:\Users\thank\OneDrive\Desktop\Temet Nosce\ao-duel-bot-repo\Profession Handlers\ProfessionHandler.Generic\UI\ScrollViewLayouts\WindowColumn.xml" to "C:\Users\thank\OneDrive\Desktop\Temet Nosce\ao-duel-bot-repo\bin\Release\UI\ScrollViewLayouts\WindowColumn.xml".
  Copying file from "C:\Users\thank\OneDrive\Desktop\Temet Nosce\ao-duel-bot-repo\Profession Handlers\ProfessionHandler.Generic\UI\ScrollViewLayouts\WindowRow.xml" to "C:\Users\thank\OneDrive\Desktop\Temet Nosce\ao-duel-bot-repo\bin\Release\UI\ScrollViewLayouts\WindowRow.xml".
  Copying file from "C:\Users\thank\OneDrive\Desktop\Temet Nosce\ao-duel-bot-repo\Profession Handlers\ProfessionHandler.Agent\UI\AgentFalseProfsView.xml" to "C:\Users\thank\OneDrive\Desktop\Temet Nosce\ao-duel-bot-repo\bin\Release\UI\AgentFalseProfsView.xml".
  Copying file from "C:\Users\thank\OneDrive\Desktop\Temet Nosce\ao-duel-bot-repo\Profession Handlers\ProfessionHandler.Agent\UI\AgentSettingsView.xml" to "C:\Users\thank\OneDrive\Desktop\Temet Nosce\ao-duel-bot-repo\bin\Release\UI\AgentSettingsView.xml".
  Copying file from "C:\Users\thank\OneDrive\Desktop\Temet Nosce\ao-duel-bot-repo\Profession Handlers\ProfessionHandler.Agent.DuelPractice\UI\DuelPracticeBurstWindow.xml" to "C:\Users\thank\OneDrive\Desktop\Temet Nosce\ao-duel-bot-repo\bin\Release\UI\DuelPracticeBurstWindow.xml".
  Copying file from "C:\Users\thank\OneDrive\Desktop\Temet Nosce\ao-duel-bot-repo\Profession Handlers\ProfessionHandler.Agent.DuelPractice\UI\EquipManagerWindow.xml" to "C:\Users\thank\OneDrive\Desktop\Temet Nosce\ao-duel-bot-repo\bin\Release\UI\EquipManagerWindow.xml".
  Copying file from "C:\Users\thank\OneDrive\Desktop\Temet Nosce\ao-duel-bot-repo\Profession Handlers\ProfessionHandler.Agent.DuelPractice\UI\DuelPracticeBurstRow.xml" to "C:\Users\thank\OneDrive\Desktop\Temet Nosce\ao-duel-bot-repo\bin\Release\UI\DuelPracticeBurstRow.xml".
CopyFilesToOutputDirectory:
  Copying file from "C:\Users\thank\OneDrive\Desktop\Temet Nosce\ao-duel-bot-repo\Profession Handlers\ProfessionHandler.Agent.DuelPractice\obj\Release\ProfessionHandler.Agent.DuelPractice.dll" to "C:\Users\thank\OneDrive\Desktop\Temet Nosce\ao-duel-bot-repo\bin\Release\ProfessionHandler.Agent.DuelPractice.dll".
  ProfessionHandler.Agent.DuelPractice -> C:\Users\thank\OneDrive\Desktop\Temet Nosce\ao-duel-bot-repo\bin\Release\ProfessionHandler.Agent.DuelPractice.dll
Done Building Project "C:\Users\thank\OneDrive\Desktop\Temet Nosce\ao-duel-bot-repo\Profession Handlers\ProfessionHandler.Agent.DuelPractice\ProfessionHandler.Agent.DuelPractice.csproj" (Build target(s)).

Build succeeded.

"C:\Users\thank\OneDrive\Desktop\Temet Nosce\ao-duel-bot-repo\Profession Handlers\ProfessionHandler.Agent.DuelPractice\ProfessionHandler.Agent.DuelPractice.csproj" (Build target) (1) ->
"C:\Users\thank\OneDrive\Desktop\Temet Nosce\ao-duel-bot-repo\Profession Handlers\ProfessionHandler.Agent\ProfessionHandler.Agent.csproj" (default target) (2:2) ->
"C:\Users\thank\OneDrive\Desktop\Temet Nosce\ao-duel-bot-repo\Profession Handlers\ProfessionHandler.Generic\ProfessionHandler.Generic.csproj" (default target) (3:3) ->
(CoreCompile target) -> 
  C:\Users\thank\OneDrive\Desktop\Temet Nosce\ao-duel-bot-repo\Profession Handlers\ProfessionHandler.Generic\Spell Processors\PetBuffProcessors.cs(26,22): warning CS0414: The field 'GenericProfessionHandler.SupportPetDamageModifier' is assigned but its value is never used [C:\Users\thank\OneDrive\Desktop\Temet Nosce\ao-duel-bot-repo\Profession Handlers\ProfessionHandler.Generic\ProfessionHandler.Generic.csproj]
  C:\Users\thank\OneDrive\Desktop\Temet Nosce\ao-duel-bot-repo\Profession Handlers\ProfessionHandler.Generic\Base\ProfessionHandler.cs(26,21): warning CS0414: The field 'ProfessionHandler.LastQueue' is assigned but its value is never used [C:\Users\thank\OneDrive\Desktop\Temet Nosce\ao-duel-bot-repo\Profession Handlers\ProfessionHandler.Generic\ProfessionHandler.Generic.csproj]
  C:\Users\thank\OneDrive\Desktop\Temet Nosce\ao-duel-bot-repo\Profession Handlers\ProfessionHandler.Generic\ItemPerkProcessors\TrimmerProcessors.cs(14,23): warning CS0414: The field 'GenericProfessionHandler.DelayBetweenFiveMinTrims' is assigned but its value is never used [C:\Users\thank\OneDrive\Desktop\Temet Nosce\ao-duel-bot-repo\Profession Handlers\ProfessionHandler.Generic\ProfessionHandler.Generic.csproj]
  C:\Users\thank\OneDrive\Desktop\Temet Nosce\ao-duel-bot-repo\Profession Handlers\ProfessionHandler.Generic\Spell Processors\PetBuffProcessors.cs(25,22): warning CS0414: The field 'GenericProfessionHandler.AttackPetDamageModifier' is assigned but its value is never used [C:\Users\thank\OneDrive\Desktop\Temet Nosce\ao-duel-bot-repo\Profession Handlers\ProfessionHandler.Generic\ProfessionHandler.Generic.csproj]

    4 Warning(s)
    0 Error(s)

FileLogger wrote to: C:\Users\thank\OneDrive\Desktop\Temet Nosce\assessment-artifacts\2026-09-21\release-build.log

Time Elapsed 00:00:02.08
